   Γû▓ Next.js 15.1.7

   Creating an optimized production build ...
 Γ£ô Compiled successfully
   Linting and checking validity of types ...
node.exe :  Γ¿» ESLint: 
Cannot find module 'C:\Users\
divya\Downloads\html-css-js-p
ortfolio-tutorial-2-main\webs
ite\portfolio-next\node_modul
es\eslint-config-next\core-we
b-vitals' imported from C:\Us
ers\divya\Downloads\html-css-
js-portfolio-tutorial-2-main\
website\portfolio-next\eslint
.config.mjs Did you mean to 
import "eslint-config-next/co
re-web-vitals.js"?
At line:1 char:1
+ & "C:\Program 
Files\nodejs/node.exe" 
"C:\Program 
Files\nodejs/node_mo ...
+ ~~~~~~~~~~~~~~~~~~~~~~~~~~~
~~~~~~~~~~~~~~~~~~~~~~~~~~~~~
~~~~~~~~~~~~~
    + CategoryInfo           
   : NotSpecified: ( Γ¿» ES  
  Lint: Ca...web-vitals.js   
 "?:String) [], RemoteExc    
eption
    + FullyQualifiedErrorId  
   : NativeCommandError
 
   Collecting page data ...
   Generating static pages (0/4) ...
   Generating static pages (1/4) 
   Generating static pages (2/4) 
   Generating static pages (3/4) 
 Γ£ô Generating static pages (4/4)
   Finalizing page optimization ...
   Collecting build traces ...

Route (app)                              Size     First Load JS
Γöî Γùï /                                    26.5 kB         179 kB
Γöö Γùï /_not-found                          979 B           106 kB
+ First Load JS shared by all            105 kB
  Γö£ chunks/4bd1b696-1d398b649b281e55.js  52.9 kB
  Γö£ chunks/517-112f2f05bde3390c.js       50.5 kB
  Γöö other shared chunks (total)          1.97 kB


Γùï  (Static)  prerendered as static content

